== prepare (8 features) ==
features: ['pm25_min', 'pm25_max', 'pm25_median', 'pm25_variance', 'temperature_min', 'temperature_max', 'temperature_median', 'temperature_variance']
threshold: 184.0
sizes full: 20547 6849 6849 pos rate train: 0.1014746678347204
subsample: train=80 val=40 test=40
positives: train=8 test=4
== classical (8 features) ==
  dummy: AUPRC=0.1000 F1=0.0000
  logistic: AUPRC=0.7708 F1=0.6667
  svm_linear: AUPRC=0.7153 F1=0.0000
  svm_rbf: AUPRC=0.5682 F1=0.0000
== quantum (pca_for_quantum=2) ==
PCA explained variance: [0.3947054306164098, 0.32164159928297686]
  [Q_farooq_pipeline] building kernel (80x80, 2q) …
  [Q_farooq_pipeline] kernel done in 14.7s
  [Q_farooq_pipeline] AUPRC=0.8542 F1=0.6667 recall=1.0000
  [Q_farooq_0pi] building kernel (80x80, 2q) …
  [Q_farooq_0pi] kernel done in 16.2s
  [Q_farooq_0pi] AUPRC=0.1889 F1=0.1429 recall=0.2500

== ranking (test AUPRC) ==
            model  average_precision  precision_extreme  recall_extreme  f1_extreme    family  n_features angular_scaler  reps  kernel_seconds
Q_farooq_pipeline           0.854167                0.5            1.00    0.666667      qsvm           2     minmax_0_1   1.0       14.697338
         logistic           0.770833                0.6            0.75    0.666667 classical           8            NaN   NaN             NaN
       svm_linear           0.715278                0.0            0.00    0.000000 classical           8            NaN   NaN             NaN
          svm_rbf           0.568182                0.0            0.00    0.000000 classical           8            NaN   NaN             NaN
     Q_farooq_0pi           0.188907                0.1            0.25    0.142857      qsvm           2    minmax_0_pi   2.0       16.228569
            dummy           0.100000                0.0            0.00    0.000000 classical           8            NaN   NaN             NaN

Artifacts: /home/alanveloso/Código/air-quality/artifacts/farooq_style
